root@kmaster:/home/vagrant/istio-1.19.0# kubectl get svc --all-namespaces
NAMESPACE        NAME                   TYPE           CLUSTER-IP       EXTERNAL-IP     PORT(S)                                                                      AGE
default          kubernetes             ClusterIP      10.96.0.1        <none>          443/TCP                                                                      22h
istio-system     istio-egressgateway    ClusterIP      10.105.162.118   <none>          80/TCP,443/TCP                                                               21h
istio-system     istio-ingressgateway   LoadBalancer   10.108.229.148   192.168.121.3   15021:32122/TCP,80:32266/TCP,443:31324/TCP,31400:31844/TCP,15443:32462/TCP   21h
istio-system     istiod                 ClusterIP      10.99.187.89     <none>          15010/TCP,15012/TCP,443/TCP,15014/TCP                                        21h
kube-system      hubble-peer            ClusterIP      10.107.134.5     <none>          443/TCP                                                                      21h
kube-system      kube-dns               ClusterIP      10.96.0.10       <none>          53/UDP,53/TCP,9153/TCP                                                       22h
metallb-system   webhook-service        ClusterIP      10.97.107.8      <none>          443/TCP                                                                      21h
nginx-1          nginx-service          LoadBalancer   10.103.113.146   192.168.121.5   80:32719/TCP                                                                 108s
nginx-ns         nginx-service          LoadBalancer   10.102.186.224   192.168.121.4   80:32529/TCP                                                                 20h
root@kmaster:/home/vagrant/istio-1.19.0# kubectl get pods --all-namespaces
NAMESPACE        NAME                                    READY   STATUS    RESTARTS      AGE
istio-system     istio-egressgateway-7b8b76f497-fqq49    1/1     Running   0             21h
istio-system     istio-ingressgateway-7f58d78f47-pgvzm   1/1     Running   0             21h
istio-system     istiod-86b84db666-9mq8q                 1/1     Running   0             21h
kube-system      cilium-2zqqm                            1/1     Running   0             21h
kube-system      cilium-jvskq                            1/1     Running   0             21h
kube-system      cilium-operator-788c4f69bc-9jh6f        1/1     Running   0             21h
kube-system      cilium-operator-788c4f69bc-h8mq7        1/1     Running   0             21h
kube-system      coredns-5dd5756b68-ktz8p                1/1     Running   0             22h
kube-system      coredns-5dd5756b68-xtrwr                1/1     Running   0             22h
kube-system      etcd-kmaster                            1/1     Running   0             22h
kube-system      kube-apiserver-kmaster                  1/1     Running   0             22h
kube-system      kube-controller-manager-kmaster         1/1     Running   1 (28m ago)   22h
kube-system      kube-proxy-bzw5v                        1/1     Running   0             22h
kube-system      kube-proxy-mnzqp                        1/1     Running   0             21h
kube-system      kube-scheduler-kmaster                  1/1     Running   1 (28m ago)   22h
metallb-system   controller-7d56b4f464-7h264             1/1     Running   0             21h
metallb-system   speaker-fxzms                           1/1     Running   0             21h
metallb-system   speaker-nh9dw                           1/1     Running   0             21h
nginx-1          nginx-tls-54db68d674-97jxq              1/1     Running   0             111s
nginx-ns         nginx-tls-74f5c957d7-vvz8c              2/2     Running   0             20h
root@kmaster:/home/vagrant/istio-1.19.0# curl http://192.168.121.5
<!DOCTYPE html>
<html>
<head>
<title>Welcome to nginx!</title>
<style>
html { color-scheme: light dark; }
body { width: 35em; margin: 0 auto;
font-family: Tahoma, Verdana, Arial, sans-serif; }
</style>
</head>
<body>
<h1>Welcome to nginx!</h1>
<p>If you see this page, the nginx web server is successfully installed and
working. Further configuration is required.</p>

<p>For online documentation and support please refer to
<a href="http://nginx.org/">nginx.org</a>.<br/>
Commercial support is available at
<a href="http://nginx.com/">nginx.com</a>.</p>

<p><em>Thank you for using nginx.</em></p>
</body>
</html>
root@kmaster:/home/vagrant/istio-1.19.0# curl http://192.168.121.4
curl: (56) Recv failure: Connection reset by peer
root@kmaster:/home/vagrant/istio-1.19.0# curl https://192.168.121.4
curl: (7) Failed to connect to 192.168.121.4 port 443 after 3060 ms: No route to host
root@kmaster:/home/vagrant/istio-1.19.0# curl https://192.168.121.4:80
curl: (60) SSL certificate problem: self-signed certificate in certificate chain
More details here: https://curl.se/docs/sslcerts.html

curl failed to verify the legitimacy of the server and therefore could not
establish a secure connection to it. To learn more about this situation and
how to fix it, please visit the web page mentioned above.
